
===========================================================================
report_checks -unconstrained
============================================================================
Startpoint: io_in[17] (input port clocked by clk)
Endpoint: _17542_ (recovery check against rising-edge clock clk)
Path Group: **async_default**
Path Type: max

Fanout     Cap    Slew   Delay    Time   Description
-----------------------------------------------------------------------------
                  0.00    0.00    0.00   clock clk (rise edge)
                          0.00    0.00   clock network delay (ideal)
                         30.00   30.00 ^ input external delay
                  0.00    0.00   30.00 ^ io_in[17] (in)
     1    0.01                           io_in[17] (net)
                  0.00    0.00   30.00 ^ input4/A (sky130_fd_sc_hd__buf_12)
                  0.24    0.21   30.21 ^ input4/X (sky130_fd_sc_hd__buf_12)
     3    0.24                           net4 (net)
                  0.24    0.02   30.23 ^ _12893_/B_N (sky130_fd_sc_hd__or2b_4)
                  0.18    0.45   30.68 v _12893_/X (sky130_fd_sc_hd__or2b_4)
     1    0.12                           _07332_ (net)
                  0.23    0.08   30.76 v _12894_/B1 (sky130_fd_sc_hd__o21a_2)
                  0.09    0.26   31.02 v _12894_/X (sky130_fd_sc_hd__o21a_2)
     1    0.02                           _07333_ (net)
                  0.09    0.00   31.02 v _12895_/A (sky130_fd_sc_hd__clkbuf_4)
                  0.09    0.22   31.24 v _12895_/X (sky130_fd_sc_hd__clkbuf_4)
     6    0.04                           _07334_ (net)
                  0.09    0.00   31.24 v _13993_/A (sky130_fd_sc_hd__buf_2)
                  0.09    0.21   31.45 v _13993_/X (sky130_fd_sc_hd__buf_2)
    10    0.03                           _08045_ (net)
                  0.09    0.00   31.45 v _13994_/A (sky130_fd_sc_hd__clkbuf_4)
                  0.10    0.22   31.67 v _13994_/X (sky130_fd_sc_hd__clkbuf_4)
    10    0.04                           _08046_ (net)
                  0.10    0.00   31.68 v _13995_/A (sky130_fd_sc_hd__clkbuf_8)
                  0.08    0.21   31.89 v _13995_/X (sky130_fd_sc_hd__clkbuf_8)
    10    0.06                           _08047_ (net)
                  0.08    0.00   31.89 v _15174_/A (sky130_fd_sc_hd__inv_2)
                  0.04    0.06   31.95 ^ _15174_/Y (sky130_fd_sc_hd__inv_2)
     1    0.00                           _00194_ (net)
                  0.04    0.00   31.95 ^ _17542_/SET_B (sky130_fd_sc_hd__dfstp_1)
                                 31.95   data arrival time

                  0.00  100.00  100.00   clock clk (rise edge)
                          0.00  100.00   clock network delay (ideal)
                          0.00  100.00   clock reconvergence pessimism
                                100.00 ^ _17542_/CLK (sky130_fd_sc_hd__dfstp_1)
                          0.13  100.13   library recovery time
                                100.13   data required time
-----------------------------------------------------------------------------
                                100.13   data required time
                                -31.95   data arrival time
-----------------------------------------------------------------------------
                                 68.17   slack (MET)


Startpoint: rv151.soc.dmem0 (falling edge-triggered flip-flop clocked by clk)
Endpoint: _17727_ (rising edge-triggered flip-flop clocked by clk)
Path Group: clk
Path Type: max

Fanout     Cap    Slew   Delay    Time   Description
-----------------------------------------------------------------------------
                  0.00   50.00   50.00   clock clk (fall edge)
                          0.00   50.00   clock network delay (ideal)
                  0.00    0.00   50.00 v rv151.soc.dmem0/clk0 (sky130_sram_2kbyte_1rw1r_32x512_8)
                  0.01    0.44   50.44 v rv151.soc.dmem0/dout0[30] (sky130_sram_2kbyte_1rw1r_32x512_8)
     1    0.01                           rv151.soc.dmem_dout0[0][30] (net)
                  0.00    0.00   50.44 v wire372/A (sky130_fd_sc_hd__clkbuf_2)
                  0.08    0.14   50.58 v wire372/X (sky130_fd_sc_hd__clkbuf_2)
     1    0.02                           net372 (net)
                  0.08    0.00   50.58 v wire371/A (sky130_fd_sc_hd__clkbuf_2)
                  0.09    0.18   50.76 v wire371/X (sky130_fd_sc_hd__clkbuf_2)
     1    0.02                           net371 (net)
                  0.09    0.00   50.76 v wire370/A (sky130_fd_sc_hd__buf_4)
                  0.05    0.18   50.94 v wire370/X (sky130_fd_sc_hd__buf_4)
     1    0.02                           net370 (net)
                  0.05    0.00   50.95 v wire369/A (sky130_fd_sc_hd__buf_6)
                  0.03    0.13   51.08 v wire369/X (sky130_fd_sc_hd__buf_6)
     1    0.02                           net369 (net)
                  0.03    0.00   51.08 v wire368/A (sky130_fd_sc_hd__buf_6)
                  0.03    0.13   51.21 v wire368/X (sky130_fd_sc_hd__buf_6)
     1    0.02                           net368 (net)
                  0.04    0.00   51.21 v _13798_/A1 (sky130_fd_sc_hd__mux2_1)
                  0.06    0.31   51.52 v _13798_/X (sky130_fd_sc_hd__mux2_1)
     1    0.00                           _07941_ (net)
                  0.06    0.00   51.52 v _13799_/A (sky130_fd_sc_hd__clkbuf_1)
                  0.03    0.10   51.62 v _13799_/X (sky130_fd_sc_hd__clkbuf_1)
     1    0.00                           _00090_ (net)
                  0.03    0.00   51.62 v _17727_/D (sky130_fd_sc_hd__dfxtp_2)
                                 51.62   data arrival time

                  0.00  100.00  100.00   clock clk (rise edge)
                          0.00  100.00   clock network delay (ideal)
                          0.00  100.00   clock reconvergence pessimism
                                100.00 ^ _17727_/CLK (sky130_fd_sc_hd__dfxtp_2)
                         -0.12   99.88   library setup time
                                 99.88   data required time
-----------------------------------------------------------------------------
                                 99.88   data required time
                                -51.62   data arrival time
-----------------------------------------------------------------------------
                                 48.26   slack (MET)


Startpoint: rv151.soc.dmem0 (falling edge-triggered flip-flop clocked by ick)
Endpoint: _17727_ (rising edge-triggered flip-flop clocked by ick)
Path Group: ick
Path Type: max

Fanout     Cap    Slew   Delay    Time   Description
-----------------------------------------------------------------------------
                  0.00   50.00   50.00   clock ick (fall edge)
                          0.00   50.00   clock network delay (ideal)
                  0.00    0.00   50.00 v rv151.soc.dmem0/clk0 (sky130_sram_2kbyte_1rw1r_32x512_8)
                  0.01    0.44   50.44 v rv151.soc.dmem0/dout0[30] (sky130_sram_2kbyte_1rw1r_32x512_8)
     1    0.01                           rv151.soc.dmem_dout0[0][30] (net)
                  0.00    0.00   50.44 v wire372/A (sky130_fd_sc_hd__clkbuf_2)
                  0.08    0.14   50.58 v wire372/X (sky130_fd_sc_hd__clkbuf_2)
     1    0.02                           net372 (net)
                  0.08    0.00   50.58 v wire371/A (sky130_fd_sc_hd__clkbuf_2)
                  0.09    0.18   50.76 v wire371/X (sky130_fd_sc_hd__clkbuf_2)
     1    0.02                           net371 (net)
                  0.09    0.00   50.76 v wire370/A (sky130_fd_sc_hd__buf_4)
                  0.05    0.18   50.94 v wire370/X (sky130_fd_sc_hd__buf_4)
     1    0.02                           net370 (net)
                  0.05    0.00   50.95 v wire369/A (sky130_fd_sc_hd__buf_6)
                  0.03    0.13   51.08 v wire369/X (sky130_fd_sc_hd__buf_6)
     1    0.02                           net369 (net)
                  0.03    0.00   51.08 v wire368/A (sky130_fd_sc_hd__buf_6)
                  0.03    0.13   51.21 v wire368/X (sky130_fd_sc_hd__buf_6)
     1    0.02                           net368 (net)
                  0.04    0.00   51.21 v _13798_/A1 (sky130_fd_sc_hd__mux2_1)
                  0.06    0.31   51.52 v _13798_/X (sky130_fd_sc_hd__mux2_1)
     1    0.00                           _07941_ (net)
                  0.06    0.00   51.52 v _13799_/A (sky130_fd_sc_hd__clkbuf_1)
                  0.03    0.10   51.62 v _13799_/X (sky130_fd_sc_hd__clkbuf_1)
     1    0.00                           _00090_ (net)
                  0.03    0.00   51.62 v _17727_/D (sky130_fd_sc_hd__dfxtp_2)
                                 51.62   data arrival time

                  0.00  100.00  100.00   clock ick (rise edge)
                          0.00  100.00   clock network delay (ideal)
                          0.00  100.00   clock reconvergence pessimism
                                100.00 ^ _17727_/CLK (sky130_fd_sc_hd__dfxtp_2)
                         -0.12   99.88   library setup time
                                 99.88   data required time
-----------------------------------------------------------------------------
                                 99.88   data required time
                                -51.62   data arrival time
-----------------------------------------------------------------------------
                                 48.26   slack (MET)


Startpoint: _18033_ (rising edge-triggered flip-flop clocked by sck')
Endpoint: io_out[12] (output port clocked by sck)
Path Group: sck
Path Type: max

Fanout     Cap    Slew   Delay    Time   Description
-----------------------------------------------------------------------------
                  0.00   50.00   50.00   clock sck' (rise edge)
                          0.00   50.00   clock network delay (ideal)
                  0.00    0.00   50.00 ^ _18033_/CLK (sky130_fd_sc_hd__dfrtp_4)
                  0.54    0.74   50.74 ^ _18033_/Q (sky130_fd_sc_hd__dfrtp_4)
     1    0.20                           net24 (net)
                  0.67    0.21   50.95 ^ output24/A (sky130_fd_sc_hd__clkbuf_1)
                  0.04    0.14   51.09 ^ output24/X (sky130_fd_sc_hd__clkbuf_1)
     1    0.00                           io_out[12] (net)
                  0.04    0.00   51.09 ^ io_out[12] (out)
                                 51.09   data arrival time

                  0.00  100.00  100.00   clock sck (rise edge)
                          0.00  100.00   clock network delay (ideal)
                          0.00  100.00   clock reconvergence pessimism
                        -30.00   70.00   output external delay
                                 70.00   data required time
-----------------------------------------------------------------------------
                                 70.00   data required time
                                -51.09   data arrival time
-----------------------------------------------------------------------------
                                 18.91   slack (MET)



===========================================================================
report_checks --slack_max -0.01
============================================================================
No paths found.
