
===========================================================================
report_checks -unconstrained
============================================================================
Startpoint: io_cslt (input port clocked by clk)
Endpoint: _18651_ (recovery check against rising-edge clock clk)
Path Group: **async_default**
Path Type: max

Fanout     Cap    Slew   Delay    Time   Description
-----------------------------------------------------------------------------
                          0.00    0.00   clock clk (rise edge)
                          0.00    0.00   clock network delay (propagated)
                         30.00   30.00 ^ input external delay
                  0.00    0.00   30.00 ^ io_cslt (in)
     1    0.00                           io_cslt (net)
                  0.00    0.00   30.00 ^ input10/A (sky130_fd_sc_hd__buf_4)
                  0.27    0.25   30.25 ^ input10/X (sky130_fd_sc_hd__buf_4)
     3    0.10                           net10 (net)
                  0.27    0.03   30.28 ^ _13511_/B_N (sky130_fd_sc_hd__or2b_1)
                  0.06    0.29   30.58 v _13511_/X (sky130_fd_sc_hd__or2b_1)
     1    0.01                           _07849_ (net)
                  0.06    0.00   30.58 v _13512_/B1 (sky130_fd_sc_hd__o21a_4)
                  0.19    0.25   30.83 v _13512_/X (sky130_fd_sc_hd__o21a_4)
     2    0.13                           _07850_ (net)
                  0.20    0.05   30.87 v _13513_/A (sky130_fd_sc_hd__clkbuf_4)
                  0.12    0.30   31.18 v _13513_/X (sky130_fd_sc_hd__clkbuf_4)
     7    0.06                           _07851_ (net)
                  0.12    0.01   31.18 v _16922_/A (sky130_fd_sc_hd__buf_4)
                  0.09    0.25   31.43 v _16922_/X (sky130_fd_sc_hd__buf_4)
    10    0.06                           _03046_ (net)
                  0.09    0.00   31.43 v _16923_/A (sky130_fd_sc_hd__buf_12)
                  0.15    0.23   31.66 v _16923_/X (sky130_fd_sc_hd__buf_12)
    10    0.35                           _03047_ (net)
                  0.21    0.07   31.73 v _16926_/A (sky130_fd_sc_hd__inv_2)
                  0.06    0.10   31.83 ^ _16926_/Y (sky130_fd_sc_hd__inv_2)
     1    0.00                           _00473_ (net)
                  0.06    0.00   31.83 ^ _18651_/RESET_B (sky130_fd_sc_hd__dfrtp_4)
                                 31.83   data arrival time

                        100.00  100.00   clock clk (rise edge)
                          0.00  100.00   clock source latency
                  0.00    0.00  100.00 ^ clk (in)
    90    0.49                           clk (net)
                  0.32    0.15  100.15 ^ _13581_/A0 (sky130_fd_sc_hd__mux2_2)
                  0.04    0.20  100.35 ^ _13581_/X (sky130_fd_sc_hd__mux2_2)
     1    0.00                           _07888_ (net)
                  0.04    0.00  100.35 ^ _13582_/A (sky130_fd_sc_hd__buf_1)
                  2.76    1.84  102.19 ^ _13582_/X (sky130_fd_sc_hd__buf_1)
     1    0.24                           soc.bspi.b2o.wck (net)
                  2.76    0.04  102.23 ^ clkbuf_0_soc.bspi.b2o.wck/A (sky130_fd_sc_hd__clkbuf_16)
                  0.19    0.53  102.76 ^ clkbuf_0_soc.bspi.b2o.wck/X (sky130_fd_sc_hd__clkbuf_16)
     2    0.14                           clknet_0_soc.bspi.b2o.wck (net)
                  0.19    0.01  102.77 ^ clkbuf_1_0_0_soc.bspi.b2o.wck/A (sky130_fd_sc_hd__clkbuf_8)
                  0.16    0.25  103.02 ^ clkbuf_1_0_0_soc.bspi.b2o.wck/X (sky130_fd_sc_hd__clkbuf_8)
     2    0.09                           clknet_1_0_0_soc.bspi.b2o.wck (net)
                  0.16    0.01  103.03 ^ clkbuf_2_1_0_soc.bspi.b2o.wck/A (sky130_fd_sc_hd__clkbuf_8)
                  0.10    0.20  103.22 ^ clkbuf_2_1_0_soc.bspi.b2o.wck/X (sky130_fd_sc_hd__clkbuf_8)
     2    0.05                           clknet_2_1_0_soc.bspi.b2o.wck (net)
                  0.10    0.00  103.23 ^ clkbuf_3_2_0_soc.bspi.b2o.wck/A (sky130_fd_sc_hd__clkbuf_8)
                  0.12    0.19  103.42 ^ clkbuf_3_2_0_soc.bspi.b2o.wck/X (sky130_fd_sc_hd__clkbuf_8)
     2    0.06                           clknet_3_2_0_soc.bspi.b2o.wck (net)
                  0.12    0.00  103.42 ^ clkbuf_4_4__f_soc.bspi.b2o.wck/A (sky130_fd_sc_hd__clkbuf_16)
                  0.28    0.30  103.73 ^ clkbuf_4_4__f_soc.bspi.b2o.wck/X (sky130_fd_sc_hd__clkbuf_16)
    13    0.27                           clknet_4_4__leaf_soc.bspi.b2o.wck (net)
                  0.28    0.02  103.74 ^ _18651_/CLK (sky130_fd_sc_hd__dfrtp_4)
                          0.00  103.74   clock reconvergence pessimism
                          0.29  104.03   library recovery time
                                104.03   data required time
-----------------------------------------------------------------------------
                                104.03   data required time
                                -31.83   data arrival time
-----------------------------------------------------------------------------
                                 72.20   slack (MET)


Startpoint: soc.bios_mem1 (falling edge-triggered flip-flop clocked by clk)
Endpoint: _18566_ (rising edge-triggered flip-flop clocked by clk)
Path Group: clk
Path Type: max

Fanout     Cap    Slew   Delay    Time   Description
-----------------------------------------------------------------------------
                         50.00   50.00   clock clk (fall edge)
                          0.00   50.00   clock source latency
                  0.00    0.00   50.00 v clk (in)
    90    0.48                           clk (net)
                  0.31    0.16   50.16 v _13581_/A0 (sky130_fd_sc_hd__mux2_2)
                  0.05    0.38   50.54 v _13581_/X (sky130_fd_sc_hd__mux2_2)
     1    0.00                           _07888_ (net)
                  0.05    0.00   50.54 v _13582_/A (sky130_fd_sc_hd__buf_1)
                  1.36    1.11   51.65 v _13582_/X (sky130_fd_sc_hd__buf_1)
     1    0.24                           soc.bspi.b2o.wck (net)
                  1.36    0.04   51.69 v clkbuf_0_soc.bspi.b2o.wck/A (sky130_fd_sc_hd__clkbuf_16)
                  0.12    0.68   52.37 v clkbuf_0_soc.bspi.b2o.wck/X (sky130_fd_sc_hd__clkbuf_16)
     2    0.14                           clknet_0_soc.bspi.b2o.wck (net)
                  0.13    0.01   52.38 v clkbuf_1_1_0_soc.bspi.b2o.wck/A (sky130_fd_sc_hd__clkbuf_8)
                  0.11    0.26   52.63 v clkbuf_1_1_0_soc.bspi.b2o.wck/X (sky130_fd_sc_hd__clkbuf_8)
     3    0.10                           clknet_1_1_0_soc.bspi.b2o.wck (net)
                  0.11    0.00   52.64 v clkbuf_2_3_0_soc.bspi.b2o.wck/A (sky130_fd_sc_hd__clkbuf_8)
                  0.08    0.22   52.86 v clkbuf_2_3_0_soc.bspi.b2o.wck/X (sky130_fd_sc_hd__clkbuf_8)
     2    0.06                           clknet_2_3_0_soc.bspi.b2o.wck (net)
                  0.08    0.00   52.86 v clkbuf_3_7_0_soc.bspi.b2o.wck/A (sky130_fd_sc_hd__clkbuf_8)
                  0.09    0.22   53.08 v clkbuf_3_7_0_soc.bspi.b2o.wck/X (sky130_fd_sc_hd__clkbuf_8)
     2    0.08                           clknet_3_7_0_soc.bspi.b2o.wck (net)
                  0.09    0.00   53.08 v clkbuf_4_15__f_soc.bspi.b2o.wck/A (sky130_fd_sc_hd__clkbuf_16)
                  0.19    0.29   53.37 v clkbuf_4_15__f_soc.bspi.b2o.wck/X (sky130_fd_sc_hd__clkbuf_16)
    14    0.33                           clknet_4_15__leaf_soc.bspi.b2o.wck (net)
                  0.28    0.04   53.41 v soc.bios_mem1/clk0 (sky130_sram_2kbyte_1rw1r_32x512_8)
                  0.02    0.63   54.04 v soc.bios_mem1/dout0[29] (sky130_sram_2kbyte_1rw1r_32x512_8)
     1    0.04                           soc.bios_dout0[1][29] (net)
                  0.02    0.01   54.04 v wire451/A (sky130_fd_sc_hd__clkbuf_2)
                  0.18    0.22   54.26 v wire451/X (sky130_fd_sc_hd__clkbuf_2)
     1    0.05                           net451 (net)
                  0.18    0.01   54.27 v wire450/A (sky130_fd_sc_hd__buf_4)
                  0.07    0.24   54.51 v wire450/X (sky130_fd_sc_hd__buf_4)
     1    0.04                           net450 (net)
                  0.07    0.01   54.52 v wire449/A (sky130_fd_sc_hd__buf_6)
                  0.05    0.16   54.68 v wire449/X (sky130_fd_sc_hd__buf_6)
     1    0.04                           net449 (net)
                  0.05    0.01   54.69 v _13679_/A1 (sky130_fd_sc_hd__mux2_1)
                  0.06    0.31   55.00 v _13679_/X (sky130_fd_sc_hd__mux2_1)
     1    0.00                           _07944_ (net)
                  0.06    0.00   55.00 v _13680_/A (sky130_fd_sc_hd__clkbuf_1)
                  0.03    0.10   55.10 v _13680_/X (sky130_fd_sc_hd__clkbuf_1)
     1    0.00                           _00024_ (net)
                  0.03    0.00   55.10 v _18566_/D (sky130_fd_sc_hd__dfxtp_1)
                                 55.10   data arrival time

                        100.00  100.00   clock clk (rise edge)
                          0.00  100.00   clock source latency
                  0.00    0.00  100.00 ^ clk (in)
    90    0.49                           clk (net)
                  0.32    0.15  100.15 ^ _13581_/A0 (sky130_fd_sc_hd__mux2_2)
                  0.04    0.20  100.35 ^ _13581_/X (sky130_fd_sc_hd__mux2_2)
     1    0.00                           _07888_ (net)
                  0.04    0.00  100.35 ^ _13582_/A (sky130_fd_sc_hd__buf_1)
                  2.76    1.84  102.19 ^ _13582_/X (sky130_fd_sc_hd__buf_1)
     1    0.24                           soc.bspi.b2o.wck (net)
                  2.76    0.04  102.23 ^ clkbuf_0_soc.bspi.b2o.wck/A (sky130_fd_sc_hd__clkbuf_16)
                  0.19    0.53  102.76 ^ clkbuf_0_soc.bspi.b2o.wck/X (sky130_fd_sc_hd__clkbuf_16)
     2    0.14                           clknet_0_soc.bspi.b2o.wck (net)
                  0.19    0.01  102.77 ^ clkbuf_1_0_0_soc.bspi.b2o.wck/A (sky130_fd_sc_hd__clkbuf_8)
                  0.16    0.25  103.02 ^ clkbuf_1_0_0_soc.bspi.b2o.wck/X (sky130_fd_sc_hd__clkbuf_8)
     2    0.09                           clknet_1_0_0_soc.bspi.b2o.wck (net)
                  0.16    0.01  103.03 ^ clkbuf_2_1_0_soc.bspi.b2o.wck/A (sky130_fd_sc_hd__clkbuf_8)
                  0.10    0.20  103.22 ^ clkbuf_2_1_0_soc.bspi.b2o.wck/X (sky130_fd_sc_hd__clkbuf_8)
     2    0.05                           clknet_2_1_0_soc.bspi.b2o.wck (net)
                  0.10    0.00  103.23 ^ clkbuf_3_2_0_soc.bspi.b2o.wck/A (sky130_fd_sc_hd__clkbuf_8)
                  0.12    0.19  103.42 ^ clkbuf_3_2_0_soc.bspi.b2o.wck/X (sky130_fd_sc_hd__clkbuf_8)
     2    0.06                           clknet_3_2_0_soc.bspi.b2o.wck (net)
                  0.12    0.00  103.42 ^ clkbuf_4_5__f_soc.bspi.b2o.wck/A (sky130_fd_sc_hd__clkbuf_16)
                  0.29    0.29  103.71 ^ clkbuf_4_5__f_soc.bspi.b2o.wck/X (sky130_fd_sc_hd__clkbuf_16)
    10    0.28                           clknet_4_5__leaf_soc.bspi.b2o.wck (net)
                  0.29    0.03  103.74 ^ _18566_/CLK (sky130_fd_sc_hd__dfxtp_1)
                          0.23  103.97   clock reconvergence pessimism
                         -0.04  103.92   library setup time
                                103.92   data required time
-----------------------------------------------------------------------------
                                103.92   data required time
                                -55.10   data arrival time
-----------------------------------------------------------------------------
                                 48.82   slack (MET)


Startpoint: soc.bios_mem1 (falling edge-triggered flip-flop clocked by ick)
Endpoint: _18566_ (rising edge-triggered flip-flop clocked by ick)
Path Group: ick
Path Type: max

Fanout     Cap    Slew   Delay    Time   Description
-----------------------------------------------------------------------------
                         50.00   50.00   clock ick (fall edge)
                          0.00   50.00   clock source latency
                  0.00    0.00   50.00 v io_clk (in)
     2    0.03                           io_clk (net)
                  0.00    0.00   50.00 v _13581_/A1 (sky130_fd_sc_hd__mux2_2)
                  0.05    0.25   50.26 v _13581_/X (sky130_fd_sc_hd__mux2_2)
     1    0.00                           _07888_ (net)
                  0.05    0.00   50.26 v _13582_/A (sky130_fd_sc_hd__buf_1)
                  1.36    1.11   51.36 v _13582_/X (sky130_fd_sc_hd__buf_1)
     1    0.24                           soc.bspi.b2o.wck (net)
                  1.36    0.04   51.41 v clkbuf_0_soc.bspi.b2o.wck/A (sky130_fd_sc_hd__clkbuf_16)
                  0.12    0.68   52.08 v clkbuf_0_soc.bspi.b2o.wck/X (sky130_fd_sc_hd__clkbuf_16)
     2    0.14                           clknet_0_soc.bspi.b2o.wck (net)
                  0.13    0.01   52.09 v clkbuf_1_1_0_soc.bspi.b2o.wck/A (sky130_fd_sc_hd__clkbuf_8)
                  0.11    0.26   52.35 v clkbuf_1_1_0_soc.bspi.b2o.wck/X (sky130_fd_sc_hd__clkbuf_8)
     3    0.10                           clknet_1_1_0_soc.bspi.b2o.wck (net)
                  0.11    0.00   52.35 v clkbuf_2_3_0_soc.bspi.b2o.wck/A (sky130_fd_sc_hd__clkbuf_8)
                  0.08    0.22   52.57 v clkbuf_2_3_0_soc.bspi.b2o.wck/X (sky130_fd_sc_hd__clkbuf_8)
     2    0.06                           clknet_2_3_0_soc.bspi.b2o.wck (net)
                  0.08    0.00   52.57 v clkbuf_3_7_0_soc.bspi.b2o.wck/A (sky130_fd_sc_hd__clkbuf_8)
                  0.09    0.22   52.79 v clkbuf_3_7_0_soc.bspi.b2o.wck/X (sky130_fd_sc_hd__clkbuf_8)
     2    0.08                           clknet_3_7_0_soc.bspi.b2o.wck (net)
                  0.09    0.00   52.79 v clkbuf_4_15__f_soc.bspi.b2o.wck/A (sky130_fd_sc_hd__clkbuf_16)
                  0.19    0.29   53.08 v clkbuf_4_15__f_soc.bspi.b2o.wck/X (sky130_fd_sc_hd__clkbuf_16)
    14    0.33                           clknet_4_15__leaf_soc.bspi.b2o.wck (net)
                  0.28    0.04   53.12 v soc.bios_mem1/clk0 (sky130_sram_2kbyte_1rw1r_32x512_8)
                  0.02    0.63   53.75 v soc.bios_mem1/dout0[29] (sky130_sram_2kbyte_1rw1r_32x512_8)
     1    0.04                           soc.bios_dout0[1][29] (net)
                  0.02    0.01   53.76 v wire451/A (sky130_fd_sc_hd__clkbuf_2)
                  0.18    0.22   53.97 v wire451/X (sky130_fd_sc_hd__clkbuf_2)
     1    0.05                           net451 (net)
                  0.18    0.01   53.98 v wire450/A (sky130_fd_sc_hd__buf_4)
                  0.07    0.24   54.23 v wire450/X (sky130_fd_sc_hd__buf_4)
     1    0.04                           net450 (net)
                  0.07    0.01   54.23 v wire449/A (sky130_fd_sc_hd__buf_6)
                  0.05    0.16   54.39 v wire449/X (sky130_fd_sc_hd__buf_6)
     1    0.04                           net449 (net)
                  0.05    0.01   54.40 v _13679_/A1 (sky130_fd_sc_hd__mux2_1)
                  0.06    0.31   54.71 v _13679_/X (sky130_fd_sc_hd__mux2_1)
     1    0.00                           _07944_ (net)
                  0.06    0.00   54.71 v _13680_/A (sky130_fd_sc_hd__clkbuf_1)
                  0.03    0.10   54.82 v _13680_/X (sky130_fd_sc_hd__clkbuf_1)
     1    0.00                           _00024_ (net)
                  0.03    0.00   54.82 v _18566_/D (sky130_fd_sc_hd__dfxtp_1)
                                 54.82   data arrival time

                        100.00  100.00   clock ick (rise edge)
                          0.00  100.00   clock source latency
                  0.00    0.00  100.00 ^ io_clk (in)
     2    0.03                           io_clk (net)
                  0.00    0.00  100.00 ^ _13581_/A1 (sky130_fd_sc_hd__mux2_2)
                  0.04    0.11  100.12 ^ _13581_/X (sky130_fd_sc_hd__mux2_2)
     1    0.00                           _07888_ (net)
                  0.04    0.00  100.12 ^ _13582_/A (sky130_fd_sc_hd__buf_1)
                  2.76    1.84  101.96 ^ _13582_/X (sky130_fd_sc_hd__buf_1)
     1    0.24                           soc.bspi.b2o.wck (net)
                  2.76    0.04  102.00 ^ clkbuf_0_soc.bspi.b2o.wck/A (sky130_fd_sc_hd__clkbuf_16)
                  0.19    0.53  102.53 ^ clkbuf_0_soc.bspi.b2o.wck/X (sky130_fd_sc_hd__clkbuf_16)
     2    0.14                           clknet_0_soc.bspi.b2o.wck (net)
                  0.19    0.01  102.54 ^ clkbuf_1_0_0_soc.bspi.b2o.wck/A (sky130_fd_sc_hd__clkbuf_8)
                  0.16    0.25  102.78 ^ clkbuf_1_0_0_soc.bspi.b2o.wck/X (sky130_fd_sc_hd__clkbuf_8)
     2    0.09                           clknet_1_0_0_soc.bspi.b2o.wck (net)
                  0.16    0.01  102.79 ^ clkbuf_2_1_0_soc.bspi.b2o.wck/A (sky130_fd_sc_hd__clkbuf_8)
                  0.10    0.20  102.99 ^ clkbuf_2_1_0_soc.bspi.b2o.wck/X (sky130_fd_sc_hd__clkbuf_8)
     2    0.05                           clknet_2_1_0_soc.bspi.b2o.wck (net)
                  0.10    0.00  102.99 ^ clkbuf_3_2_0_soc.bspi.b2o.wck/A (sky130_fd_sc_hd__clkbuf_8)
                  0.12    0.19  103.18 ^ clkbuf_3_2_0_soc.bspi.b2o.wck/X (sky130_fd_sc_hd__clkbuf_8)
     2    0.06                           clknet_3_2_0_soc.bspi.b2o.wck (net)
                  0.12    0.00  103.19 ^ clkbuf_4_5__f_soc.bspi.b2o.wck/A (sky130_fd_sc_hd__clkbuf_16)
                  0.29    0.29  103.48 ^ clkbuf_4_5__f_soc.bspi.b2o.wck/X (sky130_fd_sc_hd__clkbuf_16)
    10    0.28                           clknet_4_5__leaf_soc.bspi.b2o.wck (net)
                  0.29    0.03  103.50 ^ _18566_/CLK (sky130_fd_sc_hd__dfxtp_1)
                          0.20  103.70   clock reconvergence pessimism
                         -0.04  103.66   library setup time
                                103.66   data required time
-----------------------------------------------------------------------------
                                103.66   data required time
                                -54.82   data arrival time
-----------------------------------------------------------------------------
                                 48.84   slack (MET)


Startpoint: _18105_ (rising edge-triggered flip-flop clocked by sck')
Endpoint: io_sdo (output port clocked by sck)
Path Group: sck
Path Type: max

Fanout     Cap    Slew   Delay    Time   Description
-----------------------------------------------------------------------------
                         50.00   50.00   clock sck' (rise edge)
                          0.00   50.00   clock source latency
                  0.00    0.00   50.00 v io_sck (in)
     1    0.21                           io_sck (net)
                  0.24    0.13   50.13 v clkbuf_0_io_sck/A (sky130_fd_sc_hd__clkbuf_16)
                  0.05    0.27   50.39 v clkbuf_0_io_sck/X (sky130_fd_sc_hd__clkbuf_16)
     4    0.04                           clknet_0_io_sck (net)
                  0.05    0.00   50.39 v clkbuf_2_1__f_io_sck/A (sky130_fd_sc_hd__clkbuf_16)
                  0.04    0.17   50.56 v clkbuf_2_1__f_io_sck/X (sky130_fd_sc_hd__clkbuf_16)
     8    0.03                           clknet_2_1__leaf_io_sck (net)
                  0.04    0.00   50.56 v _16161__1/A (sky130_fd_sc_hd__inv_2)
                  0.02    0.04   50.60 ^ _16161__1/Y (sky130_fd_sc_hd__inv_2)
     1    0.00                           net651 (net)
                  0.02    0.00   50.60 ^ _18105_/CLK (sky130_fd_sc_hd__dfrtp_4)
                  0.72    0.78   51.38 ^ _18105_/Q (sky130_fd_sc_hd__dfrtp_4)
     3    0.27                           net34 (net)
                  0.89    0.29   51.67 ^ output34/A (sky130_fd_sc_hd__clkbuf_1)
                  0.04    0.14   51.81 ^ output34/X (sky130_fd_sc_hd__clkbuf_1)
     1    0.00                           io_sdo (net)
                  0.04    0.00   51.81 ^ io_sdo (out)
                                 51.81   data arrival time

                        100.00  100.00   clock sck (rise edge)
                          0.00  100.00   clock network delay (propagated)
                          0.00  100.00   clock reconvergence pessimism
                        -30.00   70.00   output external delay
                                 70.00   data required time
-----------------------------------------------------------------------------
                                 70.00   data required time
                                -51.81   data arrival time
-----------------------------------------------------------------------------
                                 18.19   slack (MET)



===========================================================================
report_checks --slack_max -0.01
============================================================================
No paths found.
