
===========================================================================
report_parasitic_annotation -report_unannotated
============================================================================
Found 150 unannotated drivers.
 soc.dmem0/dout1[0]
 soc.dmem0/dout1[10]
 soc.dmem0/dout1[11]
 soc.dmem0/dout1[12]
 soc.dmem0/dout1[13]
 soc.dmem0/dout1[14]
 soc.dmem0/dout1[15]
 soc.dmem0/dout1[16]
 soc.dmem0/dout1[17]
 soc.dmem0/dout1[18]
 soc.dmem0/dout1[19]
 soc.dmem0/dout1[1]
 soc.dmem0/dout1[20]
 soc.dmem0/dout1[21]
 soc.dmem0/dout1[22]
 soc.dmem0/dout1[23]
 soc.dmem0/dout1[24]
 soc.dmem0/dout1[25]
 soc.dmem0/dout1[26]
 soc.dmem0/dout1[27]
 soc.dmem0/dout1[28]
 soc.dmem0/dout1[29]
 soc.dmem0/dout1[2]
 soc.dmem0/dout1[30]
 soc.dmem0/dout1[31]
 soc.dmem0/dout1[3]
 soc.dmem0/dout1[4]
 soc.dmem0/dout1[5]
 soc.dmem0/dout1[6]
 soc.dmem0/dout1[7]
 soc.dmem0/dout1[8]
 soc.dmem0/dout1[9]
 soc.dmem0_629/HI
 soc.dmem0_631/LO
 soc.dmem0_632/LO
 soc.dmem0_633/LO
 soc.dmem0_634/LO
 soc.dmem0_635/LO
 soc.dmem0_636/LO
 soc.dmem0_637/LO
 soc.dmem0_638/LO
 soc.dmem0_639/LO
 soc.dmem0_640/LO
 soc.dmem1/dout1[0]
 soc.dmem1/dout1[10]
 soc.dmem1/dout1[11]
 soc.dmem1/dout1[12]
 soc.dmem1/dout1[13]
 soc.dmem1/dout1[14]
 soc.dmem1/dout1[15]
 soc.dmem1/dout1[16]
 soc.dmem1/dout1[17]
 soc.dmem1/dout1[18]
 soc.dmem1/dout1[19]
 soc.dmem1/dout1[1]
 soc.dmem1/dout1[20]
 soc.dmem1/dout1[21]
 soc.dmem1/dout1[22]
 soc.dmem1/dout1[23]
 soc.dmem1/dout1[24]
 soc.dmem1/dout1[25]
 soc.dmem1/dout1[26]
 soc.dmem1/dout1[27]
 soc.dmem1/dout1[28]
 soc.dmem1/dout1[29]
 soc.dmem1/dout1[2]
 soc.dmem1/dout1[30]
 soc.dmem1/dout1[31]
 soc.dmem1/dout1[3]
 soc.dmem1/dout1[4]
 soc.dmem1/dout1[5]
 soc.dmem1/dout1[6]
 soc.dmem1/dout1[7]
 soc.dmem1/dout1[8]
 soc.dmem1/dout1[9]
 soc.dmem1_630/HI
 soc.dmem1_641/LO
 soc.dmem1_642/LO
 soc.dmem1_643/LO
 soc.dmem1_644/LO
 soc.dmem1_645/LO
 soc.dmem1_646/LO
 soc.dmem1_647/LO
 soc.dmem1_648/LO
 soc.dmem1_649/LO
 soc.dmem1_650/LO
 soc.imem0/dout0[0]
 soc.imem0/dout0[10]
 soc.imem0/dout0[11]
 soc.imem0/dout0[12]
 soc.imem0/dout0[13]
 soc.imem0/dout0[14]
 soc.imem0/dout0[15]
 soc.imem0/dout0[16]
 soc.imem0/dout0[17]
 soc.imem0/dout0[18]
 soc.imem0/dout0[19]
 soc.imem0/dout0[1]
 soc.imem0/dout0[20]
 soc.imem0/dout0[21]
 soc.imem0/dout0[22]
 soc.imem0/dout0[23]
 soc.imem0/dout0[24]
 soc.imem0/dout0[25]
 soc.imem0/dout0[26]
 soc.imem0/dout0[27]
 soc.imem0/dout0[28]
 soc.imem0/dout0[29]
 soc.imem0/dout0[2]
 soc.imem0/dout0[30]
 soc.imem0/dout0[31]
 soc.imem0/dout0[3]
 soc.imem0/dout0[4]
 soc.imem0/dout0[5]
 soc.imem0/dout0[6]
 soc.imem0/dout0[7]
 soc.imem0/dout0[8]
 soc.imem0/dout0[9]
 soc.imem1/dout0[0]
 soc.imem1/dout0[10]
 soc.imem1/dout0[11]
 soc.imem1/dout0[12]
 soc.imem1/dout0[13]
 soc.imem1/dout0[14]
 soc.imem1/dout0[15]
 soc.imem1/dout0[16]
 soc.imem1/dout0[17]
 soc.imem1/dout0[18]
 soc.imem1/dout0[19]
 soc.imem1/dout0[1]
 soc.imem1/dout0[20]
 soc.imem1/dout0[21]
 soc.imem1/dout0[22]
 soc.imem1/dout0[23]
 soc.imem1/dout0[24]
 soc.imem1/dout0[25]
 soc.imem1/dout0[26]
 soc.imem1/dout0[27]
 soc.imem1/dout0[28]
 soc.imem1/dout0[29]
 soc.imem1/dout0[2]
 soc.imem1/dout0[30]
 soc.imem1/dout0[31]
 soc.imem1/dout0[3]
 soc.imem1/dout0[4]
 soc.imem1/dout0[5]
 soc.imem1/dout0[6]
 soc.imem1/dout0[7]
 soc.imem1/dout0[8]
 soc.imem1/dout0[9]
Found 0 partially unannotated drivers.
parastic_annotation_check
check_slew

===========================================================================
 report_check_types -max_slew -max_cap -max_fanout -violators
============================================================================
max slew

Pin                                    Limit    Slew   Slack
------------------------------------------------------------
clkbuf_0_soc.bspi.b2o.wck/A             1.50    2.76   -1.26 (VIOLATED)
_13582_/X                               1.51    2.76   -1.26 (VIOLATED)
ANTENNA_1756/DIODE                      1.50    2.59   -1.09 (VIOLATED)
ANTENNA_1783/DIODE                      1.50    2.59   -1.09 (VIOLATED)
ANTENNA_1765/DIODE                      1.50    2.59   -1.09 (VIOLATED)
ANTENNA_1394/DIODE                      1.50    2.59   -1.09 (VIOLATED)
ANTENNA_289/DIODE                       1.50    2.59   -1.09 (VIOLATED)
ANTENNA_288/DIODE                       1.50    2.59   -1.09 (VIOLATED)
ANTENNA_1393/DIODE                      1.50    2.59   -1.09 (VIOLATED)
ANTENNA_1385/DIODE                      1.50    2.59   -1.09 (VIOLATED)
ANTENNA_1764/DIODE                      1.50    2.59   -1.09 (VIOLATED)
ANTENNA_1774/DIODE                      1.50    2.59   -1.09 (VIOLATED)
ANTENNA_1782/DIODE                      1.50    2.59   -1.09 (VIOLATED)
ANTENNA_1785/DIODE                      1.50    2.48   -0.98 (VIOLATED)
ANTENNA_1767/DIODE                      1.50    2.48   -0.98 (VIOLATED)
ANTENNA_1396/DIODE                      1.50    2.48   -0.98 (VIOLATED)
ANTENNA_1757/DIODE                      1.50    2.48   -0.98 (VIOLATED)
ANTENNA_291/DIODE                       1.50    2.48   -0.98 (VIOLATED)
ANTENNA_290/DIODE                       1.50    2.48   -0.98 (VIOLATED)
ANTENNA_1395/DIODE                      1.50    2.48   -0.98 (VIOLATED)
ANTENNA_1386/DIODE                      1.50    2.48   -0.98 (VIOLATED)
ANTENNA_1766/DIODE                      1.50    2.48   -0.98 (VIOLATED)
ANTENNA_1775/DIODE                      1.50    2.48   -0.98 (VIOLATED)
ANTENNA_1784/DIODE                      1.50    2.48   -0.98 (VIOLATED)
ANTENNA_301/DIODE                       1.50    2.40   -0.90 (VIOLATED)
ANTENNA_300/DIODE                       1.50    2.40   -0.90 (VIOLATED)
ANTENNA_303/DIODE                       1.50    2.36   -0.86 (VIOLATED)
ANTENNA_302/DIODE                       1.50    2.36   -0.86 (VIOLATED)
_13570_/Y                               1.49    2.32   -0.83 (VIOLATED)
ANTENNA_523/DIODE                       1.50    2.32   -0.82 (VIOLATED)
ANTENNA_307/DIODE                       1.50    2.31   -0.81 (VIOLATED)
ANTENNA_306/DIODE                       1.50    2.31   -0.81 (VIOLATED)
ANTENNA_1789/DIODE                      1.50    2.25   -0.75 (VIOLATED)
ANTENNA_1771/DIODE                      1.50    2.25   -0.75 (VIOLATED)
ANTENNA_1770/DIODE                      1.50    2.25   -0.75 (VIOLATED)
ANTENNA_1400/DIODE                      1.50    2.25   -0.75 (VIOLATED)
ANTENNA_295/DIODE                       1.50    2.25   -0.75 (VIOLATED)
ANTENNA_294/DIODE                       1.50    2.24   -0.74 (VIOLATED)
ANTENNA_1759/DIODE                      1.50    2.24   -0.74 (VIOLATED)
ANTENNA_1388/DIODE                      1.50    2.24   -0.74 (VIOLATED)
ANTENNA_1777/DIODE                      1.50    2.24   -0.74 (VIOLATED)
ANTENNA_1399/DIODE                      1.50    2.24   -0.74 (VIOLATED)
ANTENNA_1788/DIODE                      1.50    2.24   -0.74 (VIOLATED)
_13453_/Y                               1.49    2.22   -0.73 (VIOLATED)
ANTENNA_283/DIODE                       1.50    2.22   -0.72 (VIOLATED)
load_slew187/A                          1.50    2.22   -0.72 (VIOLATED)
_13438_/Y                               1.49    2.19   -0.70 (VIOLATED)
load_slew189/A                          1.50    2.19   -0.69 (VIOLATED)
_13568_/X                               1.50    2.17   -0.67 (VIOLATED)
_13465_/Y                               1.49    2.13   -0.64 (VIOLATED)
ANTENNA_592/DIODE                       1.50    2.13   -0.63 (VIOLATED)
load_slew183/A                          1.50    2.13   -0.63 (VIOLATED)
_13562_/X                               1.50    2.09   -0.59 (VIOLATED)
_13572_/Y                               1.50    2.04   -0.55 (VIOLATED)
ANTENNA_524/DIODE                       1.50    2.04   -0.54 (VIOLATED)
ANTENNA_1786/DIODE                      1.50    1.99   -0.49 (VIOLATED)
ANTENNA_1768/DIODE                      1.50    1.99   -0.49 (VIOLATED)
ANTENNA_1397/DIODE                      1.50    1.99   -0.49 (VIOLATED)
ANTENNA_292/DIODE                       1.50    1.99   -0.49 (VIOLATED)
ANTENNA_293/DIODE                       1.50    1.99   -0.49 (VIOLATED)
ANTENNA_1787/DIODE                      1.50    1.99   -0.49 (VIOLATED)
ANTENNA_1769/DIODE                      1.50    1.99   -0.49 (VIOLATED)
ANTENNA_1398/DIODE                      1.50    1.99   -0.49 (VIOLATED)
ANTENNA_1776/DIODE                      1.50    1.99   -0.49 (VIOLATED)
ANTENNA_1387/DIODE                      1.50    1.99   -0.49 (VIOLATED)
ANTENNA_1758/DIODE                      1.50    1.99   -0.49 (VIOLATED)
ANTENNA_1384/DIODE                      1.50    1.98   -0.48 (VIOLATED)
ANTENNA_1391/DIODE                      1.50    1.98   -0.48 (VIOLATED)
ANTENNA_1762/DIODE                      1.50    1.98   -0.48 (VIOLATED)
ANTENNA_1773/DIODE                      1.50    1.98   -0.48 (VIOLATED)
ANTENNA_1780/DIODE                      1.50    1.98   -0.48 (VIOLATED)
ANTENNA_286/DIODE                       1.50    1.98   -0.48 (VIOLATED)
_13450_/A0                              1.50    1.98   -0.48 (VIOLATED)
ANTENNA_1755/DIODE                      1.50    1.98   -0.48 (VIOLATED)
ANTENNA_287/DIODE                       1.50    1.98   -0.48 (VIOLATED)
ANTENNA_1763/DIODE                      1.50    1.98   -0.48 (VIOLATED)
ANTENNA_1392/DIODE                      1.50    1.98   -0.48 (VIOLATED)
ANTENNA_1781/DIODE                      1.50    1.98   -0.48 (VIOLATED)
ANTENNA_1779/DIODE                      1.50    1.98   -0.48 (VIOLATED)
ANTENNA_1778/DIODE                      1.50    1.98   -0.48 (VIOLATED)
ANTENNA_1761/DIODE                      1.50    1.98   -0.48 (VIOLATED)
ANTENNA_1760/DIODE                      1.50    1.98   -0.48 (VIOLATED)
ANTENNA_1390/DIODE                      1.50    1.98   -0.48 (VIOLATED)
ANTENNA_1389/DIODE                      1.50    1.98   -0.48 (VIOLATED)
ANTENNA_285/DIODE                       1.50    1.98   -0.48 (VIOLATED)
ANTENNA_284/DIODE                       1.50    1.98   -0.48 (VIOLATED)
ANTENNA_1383/DIODE                      1.50    1.98   -0.48 (VIOLATED)
ANTENNA_1754/DIODE                      1.50    1.98   -0.48 (VIOLATED)
ANTENNA_1772/DIODE                      1.50    1.98   -0.48 (VIOLATED)
_13449_/X                               1.51    1.98   -0.48 (VIOLATED)
_13461_/Y                               1.49    1.95   -0.46 (VIOLATED)
ANTENNA_304/DIODE                       1.50    1.96   -0.46 (VIOLATED)
load_slew185/A                          1.50    1.95   -0.45 (VIOLATED)
ANTENNA_305/DIODE                       1.50    1.95   -0.45 (VIOLATED)
_13574_/X                               1.50    1.92   -0.42 (VIOLATED)
ANTENNA_298/DIODE                       1.50    1.81   -0.31 (VIOLATED)
ANTENNA_299/DIODE                       1.50    1.81   -0.31 (VIOLATED)
_13446_/A0                              1.50    1.81   -0.31 (VIOLATED)
ANTENNA_296/DIODE                       1.50    1.81   -0.31 (VIOLATED)
ANTENNA_297/DIODE                       1.50    1.81   -0.31 (VIOLATED)
_13445_/X                               1.51    1.81   -0.31 (VIOLATED)
ANTENNA_281/DIODE                       1.50    1.78   -0.28 (VIOLATED)
ANTENNA_280/DIODE                       1.50    1.78   -0.28 (VIOLATED)
ANTENNA_276/DIODE                       1.50    1.78   -0.28 (VIOLATED)
ANTENNA_277/DIODE                       1.50    1.78   -0.28 (VIOLATED)
ANTENNA_279/DIODE                       1.50    1.77   -0.27 (VIOLATED)
ANTENNA_278/DIODE                       1.50    1.77   -0.27 (VIOLATED)
ANTENNA_275/DIODE                       1.50    1.77   -0.27 (VIOLATED)
ANTENNA_274/DIODE                       1.50    1.77   -0.27 (VIOLATED)
ANTENNA_273/DIODE                       1.50    1.76   -0.26 (VIOLATED)
ANTENNA_272/DIODE                       1.50    1.76   -0.26 (VIOLATED)
_13458_/A0                              1.50    1.76   -0.26 (VIOLATED)
ANTENNA_282/DIODE                       1.50    1.76   -0.26 (VIOLATED)
ANTENNA_271/DIODE                       1.50    1.76   -0.26 (VIOLATED)
ANTENNA_270/DIODE                       1.50    1.76   -0.26 (VIOLATED)
_13457_/X                               1.51    1.76   -0.26 (VIOLATED)
soc.imem0/addr0[6]                      0.04    0.20   -0.16 (VIOLATED)
soc.imem0/addr0[2]                      0.04    0.16   -0.12 (VIOLATED)
soc.bios_mem0/addr1[6]                  0.04    0.15   -0.11 (VIOLATED)
soc.bios_mem0/addr1[5]                  0.04    0.15   -0.11 (VIOLATED)
soc.dmem0/addr0[7]                      0.04    0.15   -0.11 (VIOLATED)
soc.bios_mem0/addr1[2]                  0.04    0.15   -0.11 (VIOLATED)
soc.dmem0/addr0[8]                      0.04    0.15   -0.11 (VIOLATED)
soc.bios_mem0/addr1[1]                  0.04    0.14   -0.10 (VIOLATED)
soc.imem0/addr0[0]                      0.04    0.12   -0.08 (VIOLATED)
soc.bios_mem1/addr1[3]                  0.04    0.11   -0.07 (VIOLATED)
soc.imem0/addr0[1]                      0.04    0.11   -0.07 (VIOLATED)
soc.dmem0/addr0[0]                      0.04    0.11   -0.07 (VIOLATED)
soc.dmem0/addr0[1]                      0.04    0.11   -0.07 (VIOLATED)
soc.dmem0/addr0[2]                      0.04    0.10   -0.06 (VIOLATED)
soc.dmem0/addr0[6]                      0.04    0.10   -0.06 (VIOLATED)
soc.bios_mem1/addr1[2]                  0.04    0.09   -0.05 (VIOLATED)
soc.bios_mem1/addr1[4]                  0.04    0.09   -0.05 (VIOLATED)
soc.dmem0/wmask0[2]                     0.04    0.09   -0.05 (VIOLATED)
soc.dmem0/wmask0[3]                     0.04    0.09   -0.05 (VIOLATED)
soc.bios_mem1/addr1[5]                  0.04    0.09   -0.05 (VIOLATED)
soc.bios_mem1/wmask0[3]                 0.04    0.09   -0.05 (VIOLATED)
soc.bios_mem1/wmask0[1]                 0.04    0.09   -0.05 (VIOLATED)
soc.bios_mem1/addr0[1]                  0.04    0.09   -0.05 (VIOLATED)
soc.bios_mem1/addr0[0]                  0.04    0.09   -0.05 (VIOLATED)
soc.bios_mem1/wmask0[0]                 0.04    0.09   -0.05 (VIOLATED)
soc.bios_mem0/wmask0[3]                 0.04    0.08   -0.04 (VIOLATED)
soc.imem0/addr1[8]                      0.04    0.08   -0.04 (VIOLATED)
soc.dmem0/wmask0[0]                     0.04    0.08   -0.04 (VIOLATED)
soc.imem0/addr0[8]                      0.04    0.08   -0.04 (VIOLATED)
soc.dmem0/wmask0[1]                     0.04    0.08   -0.04 (VIOLATED)
soc.imem0/addr1[7]                      0.04    0.08   -0.04 (VIOLATED)
soc.imem0/addr1[2]                      0.04    0.08   -0.04 (VIOLATED)
soc.bios_mem1/addr1[6]                  0.04    0.08   -0.04 (VIOLATED)
soc.imem0/addr1[3]                      0.04    0.08   -0.04 (VIOLATED)
soc.bios_mem0/wmask0[2]                 0.04    0.08   -0.04 (VIOLATED)
soc.bios_mem0/addr0[1]                  0.04    0.08   -0.04 (VIOLATED)
soc.imem0/addr1[5]                      0.04    0.08   -0.04 (VIOLATED)
soc.imem0/addr1[4]                      0.04    0.08   -0.04 (VIOLATED)
soc.imem0/addr1[6]                      0.04    0.08   -0.04 (VIOLATED)
soc.imem0/addr1[1]                      0.04    0.08   -0.04 (VIOLATED)
soc.imem0/wmask0[1]                     0.04    0.08   -0.04 (VIOLATED)
soc.imem0/wmask0[2]                     0.04    0.08   -0.04 (VIOLATED)
soc.bios_mem0/wmask0[1]                 0.04    0.08   -0.04 (VIOLATED)
soc.dmem1/addr0[7]                      0.04    0.08   -0.04 (VIOLATED)
soc.bios_mem1/wmask0[2]                 0.04    0.08   -0.04 (VIOLATED)
soc.imem0/wmask0[3]                     0.04    0.08   -0.04 (VIOLATED)
soc.imem0/addr0[3]                      0.04    0.08   -0.04 (VIOLATED)
soc.imem0/addr0[7]                      0.04    0.08   -0.04 (VIOLATED)
soc.dmem1/addr0[2]                      0.04    0.08   -0.04 (VIOLATED)
soc.dmem1/addr0[6]                      0.04    0.08   -0.04 (VIOLATED)
soc.dmem1/addr0[8]                      0.04    0.08   -0.04 (VIOLATED)
soc.dmem0/addr0[3]                      0.04    0.08   -0.04 (VIOLATED)
soc.imem0/wmask0[0]                     0.04    0.08   -0.04 (VIOLATED)
soc.bios_mem1/addr0[7]                  0.04    0.08   -0.04 (VIOLATED)
soc.bios_mem1/addr0[8]                  0.04    0.08   -0.04 (VIOLATED)
soc.bios_mem1/addr0[2]                  0.04    0.08   -0.04 (VIOLATED)
soc.bios_mem0/wmask0[0]                 0.04    0.08   -0.04 (VIOLATED)
soc.dmem0/addr0[4]                      0.04    0.08   -0.04 (VIOLATED)
soc.bios_mem1/addr0[3]                  0.04    0.08   -0.04 (VIOLATED)
soc.bios_mem1/addr0[4]                  0.04    0.08   -0.04 (VIOLATED)
soc.dmem1/addr0[5]                      0.04    0.08   -0.04 (VIOLATED)
soc.dmem1/addr0[3]                      0.04    0.08   -0.04 (VIOLATED)
soc.imem0/addr1[0]                      0.04    0.08   -0.04 (VIOLATED)
soc.bios_mem1/addr0[6]                  0.04    0.08   -0.04 (VIOLATED)
soc.bios_mem0/addr1[7]                  0.04    0.08   -0.04 (VIOLATED)
soc.bios_mem1/addr0[5]                  0.04    0.08   -0.04 (VIOLATED)
soc.imem0/addr0[4]                      0.04    0.08   -0.04 (VIOLATED)
soc.dmem0/addr0[5]                      0.04    0.08   -0.04 (VIOLATED)
soc.imem1/addr0[7]                      0.04    0.08   -0.04 (VIOLATED)
soc.imem1/addr0[6]                      0.04    0.08   -0.04 (VIOLATED)
soc.imem0/addr0[5]                      0.04    0.08   -0.04 (VIOLATED)
soc.imem1/addr0[5]                      0.04    0.07   -0.03 (VIOLATED)
soc.bios_mem1/addr1[1]                  0.04    0.07   -0.03 (VIOLATED)
soc.imem1/addr0[8]                      0.04    0.07   -0.03 (VIOLATED)
soc.bios_mem1/addr1[0]                  0.04    0.07   -0.03 (VIOLATED)
soc.dmem1/addr0[4]                      0.04    0.07   -0.03 (VIOLATED)
soc.bios_mem0/addr0[0]                  0.04    0.07   -0.03 (VIOLATED)
soc.imem1/addr1[4]                      0.04    0.07   -0.03 (VIOLATED)
soc.imem1/addr1[6]                      0.04    0.07   -0.03 (VIOLATED)
soc.bios_mem0/addr1[8]                  0.04    0.07   -0.03 (VIOLATED)
soc.imem1/addr0[4]                      0.04    0.07   -0.03 (VIOLATED)
soc.imem1/addr1[3]                      0.04    0.07   -0.03 (VIOLATED)
soc.imem1/addr1[5]                      0.04    0.07   -0.03 (VIOLATED)
soc.imem1/addr0[2]                      0.04    0.07   -0.03 (VIOLATED)
soc.imem1/addr0[3]                      0.04    0.07   -0.03 (VIOLATED)
soc.imem1/addr1[0]                      0.04    0.07   -0.03 (VIOLATED)
soc.imem1/addr1[1]                      0.04    0.07   -0.03 (VIOLATED)
soc.imem1/addr1[2]                      0.04    0.07   -0.03 (VIOLATED)
soc.bios_mem1/addr1[8]                  0.04    0.07   -0.03 (VIOLATED)
soc.bios_mem1/addr1[7]                  0.04    0.06   -0.02 (VIOLATED)
soc.dmem1/wmask0[3]                     0.04    0.06   -0.02 (VIOLATED)
soc.bios_mem0/addr0[5]                  0.04    0.06   -0.02 (VIOLATED)
soc.dmem1/wmask0[1]                     0.04    0.06   -0.02 (VIOLATED)
soc.bios_mem0/addr0[6]                  0.04    0.06   -0.02 (VIOLATED)
soc.bios_mem0/addr0[7]                  0.04    0.06   -0.02 (VIOLATED)
soc.bios_mem0/addr0[8]                  0.04    0.06   -0.02 (VIOLATED)
soc.bios_mem0/addr0[2]                  0.04    0.06   -0.02 (VIOLATED)
soc.bios_mem0/addr0[4]                  0.04    0.06   -0.02 (VIOLATED)
soc.imem1/addr1[8]                      0.04    0.06   -0.02 (VIOLATED)
soc.dmem1/addr0[1]                      0.04    0.06   -0.02 (VIOLATED)
soc.dmem1/wmask0[2]                     0.04    0.06   -0.02 (VIOLATED)
soc.dmem1/wmask0[0]                     0.04    0.06   -0.02 (VIOLATED)
soc.imem1/addr1[7]                      0.04    0.06   -0.02 (VIOLATED)
soc.dmem1/addr0[0]                      0.04    0.06   -0.02 (VIOLATED)
soc.imem1/wmask0[2]                     0.04    0.06   -0.02 (VIOLATED)
soc.imem1/wmask0[0]                     0.04    0.06   -0.02 (VIOLATED)
soc.imem1/wmask0[3]                     0.04    0.06   -0.02 (VIOLATED)
soc.imem1/addr0[0]                      0.04    0.06   -0.02 (VIOLATED)
soc.imem1/wmask0[1]                     0.04    0.05   -0.01 (VIOLATED)
soc.imem1/addr0[1]                      0.04    0.05   -0.01 (VIOLATED)
soc.bios_mem0/addr1[0]                  0.04    0.05   -0.01 (VIOLATED)
soc.bios_mem0/addr0[3]                  0.04    0.05   -0.01 (VIOLATED)
soc.bios_mem0/addr1[3]                  0.04    0.05   -0.01 (VIOLATED)
soc.bios_mem0/addr1[4]                  0.04    0.04   -0.00 (VIOLATED)

max capacitance

Pin                                    Limit     Cap   Slack
------------------------------------------------------------
_13449_/X                               0.57    0.78   -0.21 (VIOLATED)
_13568_/X                               0.45    0.66   -0.20 (VIOLATED)
_13562_/X                               0.50    0.70   -0.20 (VIOLATED)
_13574_/X                               0.56    0.72   -0.16 (VIOLATED)
_13445_/X                               0.57    0.71   -0.15 (VIOLATED)
_13570_/Y                               0.22    0.35   -0.13 (VIOLATED)
_13453_/Y                               0.22    0.34   -0.12 (VIOLATED)
_13582_/X                               0.13    0.24   -0.11 (VIOLATED)
_13438_/Y                               0.22    0.34   -0.11 (VIOLATED)
_13465_/Y                               0.22    0.33   -0.11 (VIOLATED)
_13457_/X                               0.57    0.67   -0.10 (VIOLATED)
_13572_/Y                               0.25    0.34   -0.09 (VIOLATED)
_13461_/Y                               0.22    0.30   -0.07 (VIOLATED)
soc.dmem1/dout0[0]                      0.03    0.07   -0.04 (VIOLATED)
soc.imem0/dout1[29]                     0.03    0.05   -0.03 (VIOLATED)
soc.imem0/dout1[30]                     0.03    0.05   -0.03 (VIOLATED)
soc.bios_mem1/dout0[13]                 0.03    0.05   -0.02 (VIOLATED)
soc.bios_mem1/dout0[17]                 0.03    0.05   -0.02 (VIOLATED)
soc.bios_mem1/dout1[6]                  0.03    0.05   -0.02 (VIOLATED)
soc.bios_mem0/dout1[14]                 0.03    0.05   -0.02 (VIOLATED)
soc.bios_mem1/dout0[12]                 0.03    0.05   -0.02 (VIOLATED)
soc.bios_mem1/dout0[16]                 0.03    0.05   -0.02 (VIOLATED)
soc.bios_mem0/dout1[13]                 0.03    0.05   -0.02 (VIOLATED)
soc.bios_mem0/dout0[7]                  0.03    0.05   -0.02 (VIOLATED)
soc.bios_mem0/dout0[26]                 0.03    0.05   -0.02 (VIOLATED)
soc.bios_mem1/dout0[18]                 0.03    0.05   -0.02 (VIOLATED)
soc.bios_mem0/dout0[27]                 0.03    0.05   -0.02 (VIOLATED)
soc.bios_mem1/dout0[19]                 0.03    0.05   -0.02 (VIOLATED)
soc.bios_mem0/dout1[17]                 0.03    0.05   -0.02 (VIOLATED)
soc.bios_mem1/dout1[5]                  0.03    0.05   -0.02 (VIOLATED)
soc.imem0/dout1[27]                     0.03    0.05   -0.02 (VIOLATED)
soc.dmem0/dout0[1]                      0.03    0.05   -0.02 (VIOLATED)
soc.bios_mem1/dout1[3]                  0.03    0.05   -0.02 (VIOLATED)
soc.bios_mem0/dout0[5]                  0.03    0.05   -0.02 (VIOLATED)
soc.bios_mem1/dout1[23]                 0.03    0.05   -0.02 (VIOLATED)
soc.bios_mem0/dout1[19]                 0.03    0.05   -0.02 (VIOLATED)
soc.bios_mem1/dout1[20]                 0.03    0.05   -0.02 (VIOLATED)
soc.imem0/dout1[17]                     0.03    0.05   -0.02 (VIOLATED)
soc.imem0/dout1[18]                     0.03    0.04   -0.02 (VIOLATED)
soc.imem0/dout1[23]                     0.03    0.04   -0.02 (VIOLATED)
soc.bios_mem1/dout0[10]                 0.03    0.04   -0.02 (VIOLATED)
soc.imem0/dout1[28]                     0.03    0.04   -0.02 (VIOLATED)
soc.imem0/dout1[19]                     0.03    0.04   -0.02 (VIOLATED)
soc.dmem0/dout0[8]                      0.03    0.04   -0.02 (VIOLATED)
soc.imem0/dout1[1]                      0.03    0.04   -0.02 (VIOLATED)
soc.bios_mem0/dout0[6]                  0.03    0.04   -0.02 (VIOLATED)
soc.imem0/dout1[3]                      0.03    0.04   -0.02 (VIOLATED)
soc.bios_mem0/dout0[9]                  0.03    0.04   -0.02 (VIOLATED)
soc.dmem0/dout0[2]                      0.03    0.04   -0.02 (VIOLATED)
soc.dmem0/dout0[5]                      0.03    0.04   -0.01 (VIOLATED)
soc.bios_mem1/dout0[15]                 0.03    0.04   -0.01 (VIOLATED)
soc.bios_mem0/dout0[11]                 0.03    0.04   -0.01 (VIOLATED)
soc.imem0/dout1[10]                     0.03    0.04   -0.01 (VIOLATED)
soc.dmem0/dout0[0]                      0.03    0.04   -0.01 (VIOLATED)
soc.dmem0/dout0[4]                      0.03    0.04   -0.01 (VIOLATED)
soc.dmem0/dout0[14]                     0.03    0.04   -0.01 (VIOLATED)
soc.imem0/dout1[24]                     0.03    0.04   -0.01 (VIOLATED)
soc.imem0/dout1[26]                     0.03    0.04   -0.01 (VIOLATED)
soc.imem0/dout1[12]                     0.03    0.04   -0.01 (VIOLATED)
soc.imem0/dout1[9]                      0.03    0.04   -0.01 (VIOLATED)
soc.imem0/dout1[2]                      0.03    0.04   -0.01 (VIOLATED)
soc.imem0/dout1[7]                      0.03    0.04   -0.01 (VIOLATED)
soc.bios_mem1/dout0[29]                 0.03    0.04   -0.01 (VIOLATED)
soc.dmem0/dout0[11]                     0.03    0.04   -0.01 (VIOLATED)
soc.imem0/dout1[13]                     0.03    0.04   -0.01 (VIOLATED)
soc.dmem0/dout0[10]                     0.03    0.04   -0.01 (VIOLATED)
soc.dmem0/dout0[9]                      0.03    0.04   -0.01 (VIOLATED)
soc.dmem0/dout0[22]                     0.03    0.04   -0.01 (VIOLATED)
soc.bios_mem0/dout1[16]                 0.03    0.04   -0.01 (VIOLATED)
soc.dmem0/dout0[12]                     0.03    0.04   -0.01 (VIOLATED)
soc.imem0/dout1[15]                     0.03    0.04   -0.01 (VIOLATED)
soc.imem0/dout1[5]                      0.03    0.04   -0.01 (VIOLATED)
soc.imem0/dout1[8]                      0.03    0.04   -0.01 (VIOLATED)
soc.dmem0/dout0[7]                      0.03    0.04   -0.01 (VIOLATED)
soc.dmem0/dout0[16]                     0.03    0.04   -0.01 (VIOLATED)
soc.bios_mem1/dout0[28]                 0.03    0.04   -0.01 (VIOLATED)
soc.bios_mem0/dout0[8]                  0.03    0.04   -0.01 (VIOLATED)
soc.bios_mem0/dout1[21]                 0.03    0.04   -0.01 (VIOLATED)
soc.dmem0/dout0[30]                     0.03    0.04   -0.01 (VIOLATED)
soc.bios_mem0/dout1[18]                 0.03    0.04   -0.01 (VIOLATED)
soc.imem0/dout1[20]                     0.03    0.04   -0.01 (VIOLATED)
soc.bios_mem0/dout1[20]                 0.03    0.04   -0.01 (VIOLATED)
soc.imem0/dout1[25]                     0.03    0.04   -0.01 (VIOLATED)
soc.dmem0/dout0[15]                     0.03    0.04   -0.01 (VIOLATED)
soc.bios_mem1/dout1[22]                 0.03    0.04   -0.01 (VIOLATED)
soc.bios_mem1/dout0[11]                 0.03    0.04   -0.01 (VIOLATED)
soc.imem0/dout1[11]                     0.03    0.04   -0.01 (VIOLATED)
soc.dmem0/dout0[28]                     0.03    0.04   -0.01 (VIOLATED)
soc.bios_mem1/dout0[31]                 0.03    0.04   -0.01 (VIOLATED)
soc.imem0/dout1[31]                     0.03    0.04   -0.01 (VIOLATED)
soc.dmem0/dout0[25]                     0.03    0.04   -0.01 (VIOLATED)
soc.dmem0/dout0[26]                     0.03    0.04   -0.01 (VIOLATED)
soc.imem0/dout1[21]                     0.03    0.04   -0.01 (VIOLATED)
soc.dmem0/dout0[3]                      0.03    0.04   -0.01 (VIOLATED)
soc.imem0/dout1[4]                      0.03    0.04   -0.01 (VIOLATED)
soc.imem0/dout1[16]                     0.03    0.04   -0.01 (VIOLATED)
soc.bios_mem0/dout1[0]                  0.03    0.04   -0.01 (VIOLATED)
soc.dmem0/dout0[17]                     0.03    0.04   -0.01 (VIOLATED)
soc.bios_mem0/dout1[24]                 0.03    0.04   -0.01 (VIOLATED)
soc.bios_mem1/dout1[0]                  0.03    0.04   -0.01 (VIOLATED)
soc.bios_mem1/dout1[4]                  0.03    0.04   -0.01 (VIOLATED)
soc.bios_mem1/dout1[24]                 0.03    0.04   -0.01 (VIOLATED)
soc.bios_mem1/dout1[18]                 0.03    0.04   -0.01 (VIOLATED)
soc.dmem0/dout0[20]                     0.03    0.03   -0.01 (VIOLATED)
soc.bios_mem1/dout1[21]                 0.03    0.03   -0.01 (VIOLATED)
soc.bios_mem0/dout1[3]                  0.03    0.03   -0.01 (VIOLATED)
soc.dmem0/dout0[29]                     0.03    0.03   -0.01 (VIOLATED)
soc.imem0/dout1[22]                     0.03    0.03   -0.01 (VIOLATED)
soc.dmem0/dout0[23]                     0.03    0.03   -0.01 (VIOLATED)
soc.bios_mem1/dout1[16]                 0.03    0.03   -0.01 (VIOLATED)
soc.dmem0/dout0[24]                     0.03    0.03   -0.01 (VIOLATED)
soc.bios_mem0/dout1[15]                 0.03    0.03   -0.01 (VIOLATED)
soc.bios_mem1/dout1[17]                 0.03    0.03   -0.01 (VIOLATED)
soc.dmem0/dout0[6]                      0.03    0.03   -0.01 (VIOLATED)
soc.bios_mem0/dout0[15]                 0.03    0.03   -0.01 (VIOLATED)
soc.bios_mem1/dout0[9]                  0.03    0.03   -0.01 (VIOLATED)
soc.imem0/dout1[6]                      0.03    0.03   -0.01 (VIOLATED)
soc.bios_mem0/dout1[1]                  0.03    0.03   -0.01 (VIOLATED)
soc.imem0/dout1[0]                      0.03    0.03   -0.01 (VIOLATED)
soc.bios_mem0/dout1[22]                 0.03    0.03   -0.01 (VIOLATED)
soc.bios_mem1/dout1[2]                  0.03    0.03   -0.01 (VIOLATED)
soc.bios_mem0/dout1[4]                  0.03    0.03   -0.00 (VIOLATED)
soc.bios_mem1/dout1[19]                 0.03    0.03   -0.00 (VIOLATED)
soc.bios_mem0/dout0[31]                 0.03    0.03   -0.00 (VIOLATED)
soc.bios_mem0/dout1[6]                  0.03    0.03   -0.00 (VIOLATED)
soc.bios_mem1/dout1[15]                 0.03    0.03   -0.00 (VIOLATED)
soc.imem0/dout1[14]                     0.03    0.03   -0.00 (VIOLATED)
soc.bios_mem1/dout0[30]                 0.03    0.03   -0.00 (VIOLATED)
soc.dmem0/dout0[19]                     0.03    0.03   -0.00 (VIOLATED)
soc.bios_mem0/dout0[13]                 0.03    0.03   -0.00 (VIOLATED)
soc.bios_mem0/dout1[5]                  0.03    0.03   -0.00 (VIOLATED)
soc.bios_mem1/dout0[27]                 0.03    0.03   -0.00 (VIOLATED)
soc.bios_mem0/dout0[29]                 0.03    0.03   -0.00 (VIOLATED)
soc.dmem0/dout0[21]                     0.03    0.03   -0.00 (VIOLATED)
soc.dmem0/dout0[18]                     0.03    0.03   -0.00 (VIOLATED)
soc.bios_mem0/dout0[28]                 0.03    0.03   -0.00 (VIOLATED)
soc.bios_mem1/dout0[6]                  0.03    0.03   -0.00 (VIOLATED)
soc.bios_mem1/dout0[25]                 0.03    0.03   -0.00 (VIOLATED)
soc.dmem0/dout0[27]                     0.03    0.03   -0.00 (VIOLATED)
soc.bios_mem0/dout0[10]                 0.03    0.03   -0.00 (VIOLATED)
soc.bios_mem0/dout0[16]                 0.03    0.03   -0.00 (VIOLATED)
soc.bios_mem0/dout0[17]                 0.03    0.03   -0.00 (VIOLATED)
soc.bios_mem1/dout0[5]                  0.03    0.03   -0.00 (VIOLATED)
soc.bios_mem1/dout0[8]                  0.03    0.03   -0.00 (VIOLATED)
soc.bios_mem0/dout1[2]                  0.03    0.03   -0.00 (VIOLATED)


===========================================================================
max slew violation count 230
max fanout violation count 0
max cap violation count 145
============================================================================
check_slew_end
tns_report

===========================================================================
 report_tns
============================================================================
tns 0.00
tns_report_end
wns_report

===========================================================================
 report_wns
============================================================================
wns 0.00
wns_report_end
worst_slack

===========================================================================
 report_worst_slack -max (Setup)
============================================================================
worst slack 18.19

===========================================================================
 report_worst_slack -min (Hold)
============================================================================
worst slack 0.15
worst_slack_end
clock_skew

===========================================================================
 report_clock_skew
============================================================================
Clock clk
Latency      CRPR       Skew
_17271_/CLK ^
  34.88
_18719_/CLK ^
   3.73      0.00      31.15

Clock ick
Latency      CRPR       Skew
_17271_/CLK ^
  19.88
_18719_/CLK ^
   3.49      0.00      16.38

Clock sck
Latency      CRPR       Skew
_18104_/CLK ^
   0.51
_18105_/CLK ^
   0.54     -0.05      -0.08

clock_skew_end
power_report

===========================================================================
 report_power
============================================================================
Group                  Internal  Switching    Leakage      Total
                          Power      Power      Power      Power (Watts)
----------------------------------------------------------------
Sequential             5.88e-04   1.79e-04   1.50e-08   7.67e-04  14.2%
Combinational          2.95e-03   1.49e-03   2.13e-04   4.65e-03  85.8%
Macro                  0.00e+00   0.00e+00   0.00e+00   0.00e+00   0.0%
Pad                    0.00e+00   0.00e+00   0.00e+00   0.00e+00   0.0%
----------------------------------------------------------------
Total                  3.53e-03   1.67e-03   2.13e-04   5.42e-03 100.0%
                          65.2%      30.8%       3.9%
power_report_end
area_report

===========================================================================
 report_design_area
============================================================================
Design area 1883814 u^2 38% utilization.
area_report_end
Setting global connections for newly added cells...
[WARNING] Did not save OpenROAD database!
Writing SDF to /openlane/designs/hdp_rv151/runs/full_guide/results/routing/mca/process_corner_nom/hdp_rv151.sdf...
Writing timing model to /openlane/designs/hdp_rv151/runs/full_guide/results/routing/mca/process_corner_nom/hdp_rv151.lib...

